[backblue.gif]
[fade.gif]
[index.html]
[enabiz.gov.tr/images/enabiz-logo-giris.png]
[enabiz.gov.tr/images/sb-logo-giris.png]
[enabiz.gov.tr/Account/TahlilSonucuDogrulafee7.html]
[enabiz.gov.tr/images/en-yakin-eczane.jpg]
[enabiz.gov.tr/images/en-yakin-eczane2.jpg]
[enabiz.gov.tr/plugins/datatable/images/sort_both.png]
[enabiz.gov.tr/plugins/datatable/images/sort_asc.png]
[enabiz.gov.tr/plugins/datatable/images/sort_desc.png]
[enabiz.gov.tr/plugins/datatable/images/sort_asc_disabled.png]
[enabiz.gov.tr/plugins/datatable/images/sort_desc_disabled.png]
[enabiz.gov.tr/images/AsiKartiBgTamTekTipAsi_2608.png]
[enabiz.gov.tr/images/AsiKartiBgTamFarkliAsi_2608.png]
[enabiz.gov.tr/images/AsikartiBgCovid_2608.png]
[enabiz.gov.tr/images/AsiKartiBgDoz1_2608.png]
[enabiz.gov.tr/images/AsiKartiJohnson1Doz_1409.png]
[enabiz.gov.tr/images/2-doz-asi_0708.png]
[enabiz.gov.tr/images/AsiKartiBgDoz3_1003.png]
[enabiz.gov.tr/images/AsiKartiBgDoz3_1003_HpQR.png]
[enabiz.gov.tr/images/AsiKartiBgDoz4_3108.png]
[enabiz.gov.tr/images/AsiKartiBgDoz5_3112.png]
[enabiz.gov.tr/css/eNabizMain.css]
[enabiz.gov.tr/plugins/font-awesome/css/font-awesome.min.css]
[enabiz.gov.tr/images/header-bg-cocuk.html]
